// Jest Snapshot v1, https://goo.gl/fbAQLP

exports[`This is a ArtiCounts tset cases SnapShot 1 1`] = `ShallowWrapper {}`;
